
There are no discarded input sections

Memory Configuration

Name             Origin             Length             Attributes
FLASH            0x08000000         0x00040000         xr
SRAM             0x20000000         0x00010000         xrw
*default*        0x00000000         0xffffffff

Linker script and memory map

LOAD main.o
LOAD stm32f401_startup.o

.text           0x08000000      0x25c
 *(.isr_vector)
 .isr_vector    0x08000000      0x120 stm32f401_startup.o
                0x08000000                vectors
 *(.text)
 .text          0x08000120       0xac main.o
                0x08000120                main
 .text          0x080001cc       0x90 stm32f401_startup.o
                0x080001cc                RTC_Alarm_IRQHandler
                0x080001cc                EXTI2_IRQHandler
                0x080001cc                SVCall_Handler
                0x080001cc                SPI4_IRQHandler
                0x080001cc                TIM1_CC_IRQHandler
                0x080001cc                DMA2_Stream5_IRQHandler
                0x080001cc                HardFault_Handler
                0x080001cc                DMA1_Stream5_IRQHandler
                0x080001cc                SysTick_Handler
                0x080001cc                PVD_IRQHandler
                0x080001cc                SDIO_IRQHandler
                0x080001cc                TAMP_STAMP_IRQHandler
                0x080001cc                PendSV_Handler
                0x080001cc                NMI_Handler
                0x080001cc                EXTI3_IRQHandler
                0x080001cc                TIM1_UP_TIM10_IRQHandler
                0x080001cc                I2C3_ER_IRQHandler
                0x080001cc                EXTI0_IRQHandler
                0x080001cc                I2C2_EV_IRQHandler
                0x080001cc                DMA1_Stream2_IRQHandler
                0x080001cc                FPU_IRQHandler
                0x080001cc                UsageFault_Handler
                0x080001cc                DMA2_Stream2_IRQHandler
                0x080001cc                SPI1_IRQHandler
                0x080001cc                TIM1_BRK_TIM9_IRQHandler
                0x080001cc                DMA2_Stream3_IRQHandler
                0x080001cc                USART6_IRQHandler
                0x080001cc                DMA2_Stream0_IRQHandler
                0x080001cc                TIM4_IRQHandler
                0x080001cc                I2C1_EV_IRQHandler
                0x080001cc                DMA1_Stream6_IRQHandler
                0x080001cc                DMA1_Stream1_IRQHandler
                0x080001cc                TIM3_IRQHandler
                0x080001cc                RCC_IRQHandler
                0x080001cc                Default_Handler
                0x080001cc                EXTI15_10_IRQHandler
                0x080001cc                ADC_IRQHandler
                0x080001cc                DMA1_Stream7_IRQHandler
                0x080001cc                TIM5_IRQHandler
                0x080001cc                DMA2_Stream7_IRQHandler
                0x080001cc                I2C3_EV_IRQHandler
                0x080001cc                EXTI9_5_IRQHandler
                0x080001cc                RTC_WKUP_IRQHandler
                0x080001cc                SPI2_IRQHandler
                0x080001cc                MemManage_Handler
                0x080001cc                DMA1_Stream0_IRQHandler
                0x080001cc                EXTI4_IRQHandler
                0x080001cc                WWDG_IRQHandler
                0x080001cc                TIM2_IRQHandler
                0x080001cc                OTG_FS_WKUP_IRQHandler
                0x080001cc                TIM1_TRG_COM_TIM11_IRQHandler
                0x080001cc                EXTI1_IRQHandler
                0x080001cc                USART2_IRQHandler
                0x080001cc                I2C2_ER_IRQHandler
                0x080001cc                DMA2_Stream1_IRQHandler
                0x080001cc                FLASH_IRQHandler
                0x080001cc                DMA2_Stream4_IRQHandler
                0x080001cc                BusFault_Handler
                0x080001cc                USART1_IRQHandler
                0x080001cc                OTG_FS_IRQHandler
                0x080001cc                SPI3_IRQHandler
                0x080001cc                DMA1_Stream4_IRQHandler
                0x080001cc                I2C1_ER_IRQHandler
                0x080001cc                DebugMonitor_Handler
                0x080001cc                DMA2_Stream6_IRQHandler
                0x080001cc                DMA1_Stream3_IRQHandler
                0x080001d4                Reset_Handler
 *(.rodata)
                0x0800025c                        . = ALIGN (0x4)
                0x0800025c                        _etext = .

.glue_7         0x0800025c        0x0
 .glue_7        0x0800025c        0x0 linker stubs

.glue_7t        0x0800025c        0x0
 .glue_7t       0x0800025c        0x0 linker stubs

.vfp11_veneer   0x0800025c        0x0
 .vfp11_veneer  0x0800025c        0x0 linker stubs

.v4_bx          0x0800025c        0x0
 .v4_bx         0x0800025c        0x0 linker stubs

.iplt           0x0800025c        0x0
 .iplt          0x0800025c        0x0 stm32f401_startup.o

.rel.dyn        0x0800025c        0x0
 .rel.iplt      0x0800025c        0x0 stm32f401_startup.o

.data           0x20000000        0x0 load address 0x0800025c
                0x20000000                        _sdata = .
 *(.data)
 .data          0x20000000        0x0 main.o
 .data          0x20000000        0x0 stm32f401_startup.o
                0x20000000                        . = ALIGN (0x4)
                0x20000000                        _edata = .

.igot.plt       0x20000000        0x0 load address 0x0800025c
 .igot.plt      0x20000000        0x0 stm32f401_startup.o

.bss            0x20000000        0x0 load address 0x0800025c
                0x20000000                        _sbss = .
 *(.bss)
 .bss           0x20000000        0x0 main.o
 .bss           0x20000000        0x0 stm32f401_startup.o
                0x20000000                        _ebss = .
OUTPUT(led.elf elf32-littlearm)
LOAD linker stubs

.comment        0x00000000       0x26
 .comment       0x00000000       0x26 main.o
                                 0x27 (size before relaxing)
 .comment       0x00000026       0x27 stm32f401_startup.o

.ARM.attributes
                0x00000000       0x2e
 .ARM.attributes
                0x00000000       0x2e main.o
 .ARM.attributes
                0x0000002e       0x2e stm32f401_startup.o
