
There are no discarded input sections

Memory Configuration

Name             Origin             Length             Attributes
FLASH            0x08000000         0x00040000         xr
SRAM             0x20000000         0x00010000         xrw
*default*        0x00000000         0xffffffff

Linker script and memory map

LOAD main.o
LOAD stm32f401_startup.o

.text           0x08000000      0x13c
 *(.isr_vector)
 .isr_vector    0x08000000      0x120 stm32f401_startup.o
                0x08000000                vectors
 *(.text)
 .text          0x08000120        0x8 main.o
                0x08000120                main
 .text          0x08000128       0x14 stm32f401_startup.o
                0x08000128                RTC_Alarm_IRQHandler
                0x08000128                EXTI2_IRQHandler
                0x08000128                SVCall_Handler
                0x08000128                SPI4_IRQHandler
                0x08000128                TIM1_CC_IRQHandler
                0x08000128                DMA2_Stream5_IRQHandler
                0x08000128                HardFault_Handler
                0x08000128                DMA1_Stream5_IRQHandler
                0x08000128                SysTick_Handler
                0x08000128                PVD_IRQHandler
                0x08000128                SDIO_IRQHandler
                0x08000128                TAMP_STAMP_IRQHandler
                0x08000128                PendSV_Handler
                0x08000128                NMI_Handler
                0x08000128                EXTI3_IRQHandler
                0x08000128                TIM1_UP_TIM10_IRQHandler
                0x08000128                I2C3_ER_IRQHandler
                0x08000128                EXTI0_IRQHandler
                0x08000128                I2C2_EV_IRQHandler
                0x08000128                DMA1_Stream2_IRQHandler
                0x08000128                FPU_IRQHandler
                0x08000128                UsageFault_Handler
                0x08000128                DMA2_Stream2_IRQHandler
                0x08000128                SPI1_IRQHandler
                0x08000128                TIM1_BRK_TIM9_IRQHandler
                0x08000128                DMA2_Stream3_IRQHandler
                0x08000128                USART6_IRQHandler
                0x08000128                DMA2_Stream0_IRQHandler
                0x08000128                TIM4_IRQHandler
                0x08000128                I2C1_EV_IRQHandler
                0x08000128                DMA1_Stream6_IRQHandler
                0x08000128                DMA1_Stream1_IRQHandler
                0x08000128                TIM3_IRQHandler
                0x08000128                RCC_IRQHandler
                0x08000128                Default_Handler
                0x08000128                EXTI15_10_IRQHandler
                0x08000128                ADC_IRQHandler
                0x08000128                DMA1_Stream7_IRQHandler
                0x08000128                TIM5_IRQHandler
                0x08000128                DMA2_Stream7_IRQHandler
                0x08000128                I2C3_EV_IRQHandler
                0x08000128                EXTI9_5_IRQHandler
                0x08000128                RTC_WKUP_IRQHandler
                0x08000128                SPI2_IRQHandler
                0x08000128                MemManage_Handler
                0x08000128                DMA1_Stream0_IRQHandler
                0x08000128                EXTI4_IRQHandler
                0x08000128                WWDG_IRQHandler
                0x08000128                TIM2_IRQHandler
                0x08000128                OTG_FS_WKUP_IRQHandler
                0x08000128                TIM1_TRG_COM_TIM11_IRQHandler
                0x08000128                EXTI1_IRQHandler
                0x08000128                USART2_IRQHandler
                0x08000128                I2C2_ER_IRQHandler
                0x08000128                DMA2_Stream1_IRQHandler
                0x08000128                FLASH_IRQHandler
                0x08000128                DMA2_Stream4_IRQHandler
                0x08000128                BusFault_Handler
                0x08000128                USART1_IRQHandler
                0x08000128                OTG_FS_IRQHandler
                0x08000128                SPI3_IRQHandler
                0x08000128                DMA1_Stream4_IRQHandler
                0x08000128                I2C1_ER_IRQHandler
                0x08000128                DebugMonitor_Handler
                0x08000128                DMA2_Stream6_IRQHandler
                0x08000128                DMA1_Stream3_IRQHandler
                0x08000130                Reset_Handler
 *(.rodata)
                0x0800013c                        . = ALIGN (0x4)
                0x0800013c                        _etext = .

.glue_7         0x0800013c        0x0
 .glue_7        0x0800013c        0x0 linker stubs

.glue_7t        0x0800013c        0x0
 .glue_7t       0x0800013c        0x0 linker stubs

.vfp11_veneer   0x0800013c        0x0
 .vfp11_veneer  0x0800013c        0x0 linker stubs

.v4_bx          0x0800013c        0x0
 .v4_bx         0x0800013c        0x0 linker stubs

.iplt           0x0800013c        0x0
 .iplt          0x0800013c        0x0 stm32f401_startup.o

.rel.dyn        0x0800013c        0x0
 .rel.iplt      0x0800013c        0x0 stm32f401_startup.o

.data           0x20000000        0x4 load address 0x0800013c
                0x20000000                        _sdata = .
 *(.data)
 .data          0x20000000        0x4 main.o
                0x20000000                x
 .data          0x20000004        0x0 stm32f401_startup.o
                0x20000004                        . = ALIGN (0x4)
                0x20000004                        _edata = .

.igot.plt       0x20000004        0x0 load address 0x08000140
 .igot.plt      0x20000004        0x0 stm32f401_startup.o

.bss            0x20000004        0x4 load address 0x08000140
                0x20000004                        _sbss = .
 *(.bss)
 .bss           0x20000004        0x4 main.o
                0x20000004                y
 .bss           0x20000008        0x0 stm32f401_startup.o
                0x20000008                        _ebss = .
OUTPUT(test.elf elf32-littlearm)
LOAD linker stubs

.comment        0x00000000       0x26
 .comment       0x00000000       0x26 main.o
                                 0x27 (size before relaxing)
 .comment       0x00000026       0x27 stm32f401_startup.o

.ARM.attributes
                0x00000000       0x2e
 .ARM.attributes
                0x00000000       0x2e main.o
 .ARM.attributes
                0x0000002e       0x2e stm32f401_startup.o
